2026-05-08 10:56:38,761 [INFO] 
2026-05-08 10:56:38,761 [INFO] ============================================================
2026-05-08 10:56:38,761 [INFO]   YOLOv8 HELMET DETECTION TRAINING PIPELINE
2026-05-08 10:56:38,761 [INFO] ============================================================
2026-05-08 10:56:38,761 [INFO]   Report directory: D:\Helmet-Detection-main\reports\run_20260508_105638
2026-05-08 10:56:38,761 [INFO] 
2026-05-08 10:56:38,761 [INFO] ============================================================
2026-05-08 10:56:38,761 [INFO]   DATASET ANALYSIS
2026-05-08 10:56:38,761 [INFO] ============================================================
2026-05-08 10:56:39,501 [INFO]   [train] images= 2944  labels= 2944  annotations=  5704  helmet= 1472  without_helmet= 1472
2026-05-08 10:56:39,560 [INFO]   [valid] images=  210  labels=  210  annotations=   390  helmet=  105  without_helmet=  105
2026-05-08 10:56:39,586 [INFO]   [test ] images=  106  labels=  106  annotations=   196  helmet=   53  without_helmet=   53
2026-05-08 10:56:39,899 [INFO]   Saved class_distribution.png
2026-05-08 10:56:39,899 [INFO] ============================================================
2026-05-08 10:56:39,899 [INFO]   ANNOTATION VALIDATION
2026-05-08 10:56:39,899 [INFO] ============================================================
2026-05-08 10:56:40,670 [INFO]   Total label files : 3260
2026-05-08 10:56:40,670 [INFO]   Valid             : 3260
2026-05-08 10:56:40,670 [INFO]   Invalid / Corrupt : 0
2026-05-08 10:56:40,670 [INFO]   [OK] All annotations are valid YOLO format!
2026-05-08 10:56:40,670 [INFO] ============================================================
2026-05-08 10:56:40,670 [INFO]   BUILDING FLAT DATASET STRUCTURE
2026-05-08 10:56:40,670 [INFO] ============================================================
2026-05-08 10:56:44,456 [INFO] ============================================================
2026-05-08 10:56:44,456 [INFO]   STARTING YOLOV8 TRAINING
2026-05-08 10:56:44,456 [INFO] ============================================================
2026-05-08 10:56:44,456 [INFO]   Train set: helmet=1472, without_helmet=1472
2026-05-08 10:56:44,525 [INFO]   Config: epochs=50, batch=8, imgsz=640, device=0
2026-05-08 10:56:44,525 [INFO]   Output: runs/train/helmet_yolov8n_20260508_105644
2026-05-08 13:30:26,506 [INFO]   Training complete in 153.7 minutes
2026-05-08 13:30:26,506 [INFO] ============================================================
2026-05-08 13:30:26,506 [INFO]   MODEL EVALUATION
2026-05-08 13:30:26,506 [INFO] ============================================================
2026-05-08 13:32:06,336 [INFO]   [Validation] Precision=0.5590  Recall=0.4852  F1=0.5195  mAP@0.5=0.4707  mAP@0.5:0.95=0.1900
2026-05-08 13:32:06,337 [INFO]   [Test] Precision=0.6329  Recall=0.4454  F1=0.5229  mAP@0.5=0.4732  mAP@0.5:0.95=0.2015
2026-05-08 13:32:06,671 [INFO]   Saved evaluation_metrics.png
2026-05-08 13:32:06,672 [INFO] ============================================================
2026-05-08 13:32:06,672 [INFO]   EXPORTING BEST MODEL
2026-05-08 13:32:06,673 [INFO] ============================================================
2026-05-08 13:32:06,673 [INFO]   Best weights: D:\Helmet-Detection-main\runs\train\helmet_yolov8n_20260508_105644\weights\best.pt
2026-05-08 13:33:21,939 [INFO]   Inference speed: 112.4 ms/img  (8.9 FPS)
2026-05-08 13:33:21,950 [INFO] 
