2026-05-08 10:34:27,994 [INFO] 
2026-05-08 10:34:28,020 [INFO]   Report directory: D:\Helmet-Detection-main\reports\run_20260508_103427
2026-05-08 10:34:28,020 [INFO] 
2026-05-08 10:34:28,020 [INFO] ============================================================
2026-05-08 10:34:28,020 [INFO]   DATASET ANALYSIS
2026-05-08 10:34:28,021 [INFO] ============================================================
2026-05-08 10:34:28,023 [INFO]   Report directory: D:\Helmet-Detection-main\reports\run_20260508_103427
2026-05-08 10:34:28,023 [INFO] 
2026-05-08 10:34:28,024 [INFO] ============================================================
2026-05-08 10:34:28,024 [INFO]   DATASET ANALYSIS
2026-05-08 10:34:28,024 [INFO] ============================================================
2026-05-08 10:34:54,692 [INFO]   [train] images= 2944  labels= 2944  annotations=  5704  helmet= 1472  without_helmet= 1472
2026-05-08 10:34:54,692 [INFO]   [train] images= 2944  labels= 2944  annotations=  5704  helmet= 1472  without_helmet= 1472
2026-05-08 10:34:56,917 [INFO]   [valid] images=  210  labels=  210  annotations=   390  helmet=  105  without_helmet=  105
2026-05-08 10:34:57,912 [INFO]   [test ] images=  106  labels=  106  annotations=   196  helmet=   53  without_helmet=   53
2026-05-08 10:34:58,179 [INFO]   Saved class_distribution.png
2026-05-08 10:34:58,180 [INFO]   Saved class_distribution.png
2026-05-08 10:34:58,180 [INFO] ============================================================
2026-05-08 10:34:58,180 [INFO] ============================================================
2026-05-08 10:34:58,180 [INFO]   ANNOTATION VALIDATION
2026-05-08 10:34:58,180 [INFO] ============================================================
2026-05-08 10:34:58,181 [INFO]   ANNOTATION VALIDATION
2026-05-08 10:34:58,182 [INFO] ============================================================
2026-05-08 10:34:58,711 [INFO]   Total label files : 3260
2026-05-08 10:34:58,711 [INFO]   Valid             : 3260
2026-05-08 10:34:58,711 [INFO]   Invalid / Corrupt : 0
2026-05-08 10:34:58,711 [INFO]   Valid             : 3260
2026-05-08 10:34:58,712 [INFO]   Invalid / Corrupt : 0
2026-05-08 10:34:58,713 [INFO] ============================================================
2026-05-08 10:34:58,713 [INFO]   BUILDING FLAT DATASET STRUCTURE
2026-05-08 10:34:58,714 [INFO] ============================================================
2026-05-08 10:34:58,714 [INFO] ============================================================
2026-05-08 10:34:58,714 [INFO]   BUILDING FLAT DATASET STRUCTURE
2026-05-08 10:34:58,714 [INFO] ============================================================
2026-05-08 10:35:15,388 [INFO] ============================================================
2026-05-08 10:35:15,389 [INFO]   STARTING YOLOV8 TRAINING
2026-05-08 10:35:15,389 [INFO] ============================================================
2026-05-08 10:35:15,389 [INFO]   Train set: helmet=1472, without_helmet=1472
2026-05-08 10:35:15,501 [INFO]   Config: epochs=100, batch=8, imgsz=640, device=cpu
2026-05-08 10:35:15,501 [INFO]   Output: runs/train/helmet_yolov8n_20260508_103515
