2026-05-08 10:54:31,041 [INFO] 
2026-05-08 10:54:31,041 [INFO] ============================================================
2026-05-08 10:54:31,043 [INFO]   YOLOv8 HELMET DETECTION TRAINING PIPELINE
2026-05-08 10:54:31,043 [INFO] ============================================================
2026-05-08 10:54:31,043 [INFO]   Report directory: D:\Helmet-Detection-main\reports\run_20260508_105431
2026-05-08 10:54:31,043 [INFO] 
2026-05-08 10:54:31,043 [INFO] ============================================================
2026-05-08 10:54:31,043 [INFO]   DATASET ANALYSIS
2026-05-08 10:54:31,043 [INFO] ============================================================
2026-05-08 10:54:31,664 [INFO]   [train] images= 2944  labels= 2944  annotations=  5704  helmet= 1472  without_helmet= 1472
2026-05-08 10:54:31,717 [INFO]   [valid] images=  210  labels=  210  annotations=   390  helmet=  105  without_helmet=  105
2026-05-08 10:54:31,751 [INFO]   [test ] images=  106  labels=  106  annotations=   196  helmet=   53  without_helmet=   53
2026-05-08 10:54:32,053 [INFO]   Saved class_distribution.png
2026-05-08 10:54:32,054 [INFO] ============================================================
2026-05-08 10:54:32,054 [INFO]   ANNOTATION VALIDATION
2026-05-08 10:54:32,054 [INFO] ============================================================
2026-05-08 10:54:32,892 [INFO]   Total label files : 3260
2026-05-08 10:54:32,892 [INFO]   Valid             : 3260
2026-05-08 10:54:32,892 [INFO]   Invalid / Corrupt : 0
2026-05-08 10:54:32,892 [INFO]   [OK] All annotations are valid YOLO format!
2026-05-08 10:54:32,892 [INFO] ============================================================
2026-05-08 10:54:32,892 [INFO]   BUILDING FLAT DATASET STRUCTURE
2026-05-08 10:54:32,892 [INFO] ============================================================
2026-05-08 10:54:36,488 [INFO] ============================================================
2026-05-08 10:54:36,488 [INFO]   STARTING YOLOV8 TRAINING
2026-05-08 10:54:36,488 [INFO] ============================================================
2026-05-08 10:54:36,489 [INFO]   Train set: helmet=1472, without_helmet=1472
2026-05-08 10:54:36,583 [INFO]   Config: epochs=50, batch=16, imgsz=640, device=0
2026-05-08 10:54:36,583 [INFO]   Output: runs/train/helmet_yolov8n_20260508_105436
