2026-05-08 14:06:55,430 [INFO] 
2026-05-08 14:06:55,430 [INFO] ============================================================
2026-05-08 14:06:55,431 [INFO]   YOLOv8 HELMET DETECTION TRAINING PIPELINE
2026-05-08 14:06:55,431 [INFO] ============================================================
2026-05-08 14:06:55,431 [INFO]   Report directory: D:\Helmet-Detection-main\reports\run_20260508_140655
2026-05-08 14:06:55,431 [INFO] 
2026-05-08 14:06:55,432 [INFO] ============================================================
2026-05-08 14:06:55,432 [INFO]   DATASET ANALYSIS
2026-05-08 14:06:55,432 [INFO] ============================================================
2026-05-08 14:06:56,007 [INFO]   [train] images= 2944  labels= 2944  annotations=  5704  helmet= 1472  no_helmet= 1472
2026-05-08 14:06:56,068 [INFO]   [valid] images=  210  labels=  210  annotations=   390  helmet=  105  no_helmet=  105
2026-05-08 14:06:56,097 [INFO]   [test ] images=  106  labels=  106  annotations=   196  helmet=   53  no_helmet=   53
2026-05-08 14:06:56,383 [INFO]   Saved class_distribution.png
2026-05-08 14:06:56,384 [INFO] ============================================================
2026-05-08 14:06:56,384 [INFO]   ANNOTATION VALIDATION
2026-05-08 14:06:56,384 [INFO] ============================================================
2026-05-08 14:06:56,764 [INFO]   Total label files : 3260
2026-05-08 14:06:56,764 [INFO]   Valid             : 3260
2026-05-08 14:06:56,765 [INFO]   Invalid / Corrupt : 0
2026-05-08 14:06:56,765 [INFO]   [OK] All annotations are valid YOLO format!
2026-05-08 14:06:56,765 [INFO] ============================================================
2026-05-08 14:06:56,765 [INFO]   BUILDING FLAT DATASET STRUCTURE
2026-05-08 14:06:56,766 [INFO] ============================================================
2026-05-08 14:07:01,011 [INFO] ============================================================
2026-05-08 14:07:01,012 [INFO]   STARTING YOLOV8 TRAINING
2026-05-08 14:07:01,012 [INFO] ============================================================
2026-05-08 14:07:01,013 [INFO]   Train set: helmet=1472, no_helmet=1472
2026-05-08 14:07:01,168 [INFO]   Config: epochs=20, batch=4, imgsz=640, device=cpu
2026-05-08 14:07:01,169 [INFO]   Output: runs/train/helmet_yolov8n_20260508_140701
