2026-05-11 11:50:19,942 [INFO] 
2026-05-11 11:50:19,942 [INFO] ============================================================
2026-05-11 11:50:19,943 [INFO]   YOLOv8 HELMET DETECTION TRAINING PIPELINE
2026-05-11 11:50:19,943 [INFO] ============================================================
2026-05-11 11:50:19,943 [INFO]   Report directory: D:\Helmet-Detection-main\reports\run_20260511_115019
2026-05-11 11:50:19,943 [INFO] 
2026-05-11 11:50:19,943 [INFO] ============================================================
2026-05-11 11:50:19,943 [INFO]   DATASET ANALYSIS
2026-05-11 11:50:19,943 [INFO] ============================================================
2026-05-11 11:50:33,481 [INFO]   [train] images= 2944  labels= 2944  annotations=  5704  helmet= 1472  no_helmet= 1472
2026-05-11 11:50:35,690 [INFO]   [valid] images=  210  labels=  210  annotations=   390  helmet=  105  no_helmet=  105
2026-05-11 11:50:36,691 [INFO]   [test ] images=  106  labels=  106  annotations=   196  helmet=   53  no_helmet=   53
2026-05-11 11:50:36,999 [INFO]   Saved class_distribution.png
2026-05-11 11:50:37,000 [INFO] ============================================================
2026-05-11 11:50:37,001 [INFO]   ANNOTATION VALIDATION
2026-05-11 11:50:37,001 [INFO] ============================================================
2026-05-11 11:50:37,602 [INFO]   Total label files : 3260
2026-05-11 11:50:37,602 [INFO]   Valid             : 3260
2026-05-11 11:50:37,602 [INFO]   Invalid / Corrupt : 0
2026-05-11 11:50:37,602 [INFO]   [OK] All annotations are valid YOLO format!
2026-05-11 11:50:37,602 [INFO] ============================================================
2026-05-11 11:50:37,602 [INFO]   BUILDING FLAT DATASET STRUCTURE
2026-05-11 11:50:37,603 [INFO] ============================================================
