2026-05-08 10:35:39,529 [INFO] 
2026-05-08 10:35:39,529 [INFO] ============================================================
2026-05-08 10:35:39,530 [INFO]   YOLOv8 HELMET DETECTION TRAINING PIPELINE
2026-05-08 10:35:39,530 [INFO] ============================================================
2026-05-08 10:35:39,530 [INFO]   Report directory: D:\Helmet-Detection-main\reports\run_20260508_103539
2026-05-08 10:35:39,530 [INFO] 
2026-05-08 10:35:39,531 [INFO] ============================================================
2026-05-08 10:35:39,531 [INFO]   DATASET ANALYSIS
2026-05-08 10:35:39,531 [INFO] ============================================================
2026-05-08 10:35:40,598 [INFO]   [train] images= 2944  labels= 2944  annotations=  5704  helmet= 1472  without_helmet= 1472
2026-05-08 10:35:40,702 [INFO]   [valid] images=  210  labels=  210  annotations=   390  helmet=  105  without_helmet=  105
2026-05-08 10:35:40,744 [INFO]   [test ] images=  106  labels=  106  annotations=   196  helmet=   53  without_helmet=   53
2026-05-08 10:35:41,125 [INFO]   Saved class_distribution.png
2026-05-08 10:35:41,126 [INFO] ============================================================
2026-05-08 10:35:41,126 [INFO]   ANNOTATION VALIDATION
2026-05-08 10:35:41,126 [INFO] ============================================================
2026-05-08 10:35:41,979 [INFO]   Total label files : 3260
2026-05-08 10:35:41,979 [INFO]   Valid             : 3260
2026-05-08 10:35:41,979 [INFO]   Invalid / Corrupt : 0
2026-05-08 10:35:41,980 [INFO]   [OK] All annotations are valid YOLO format!
2026-05-08 10:35:41,980 [INFO] ============================================================
2026-05-08 10:35:41,980 [INFO]   BUILDING FLAT DATASET STRUCTURE
2026-05-08 10:35:41,981 [INFO] ============================================================
2026-05-08 10:35:46,477 [INFO] ============================================================
2026-05-08 10:35:46,478 [INFO]   STARTING YOLOV8 TRAINING
2026-05-08 10:35:46,478 [INFO] ============================================================
2026-05-08 10:35:46,479 [INFO]   Train set: helmet=1472, without_helmet=1472
2026-05-08 10:35:46,579 [INFO]   Config: epochs=100, batch=8, imgsz=640, device=cpu
2026-05-08 10:35:46,579 [INFO]   Output: runs/train/helmet_yolov8n_20260508_103546
