2026-05-11 11:53:04,075 [INFO] 
2026-05-11 11:53:04,075 [INFO] ============================================================
2026-05-11 11:53:04,075 [INFO]   YOLOv8 HELMET DETECTION TRAINING PIPELINE
2026-05-11 11:53:04,075 [INFO] ============================================================
2026-05-11 11:53:04,075 [INFO]   Report directory: D:\Helmet-Detection-main\reports\run_20260511_115304
2026-05-11 11:53:04,075 [INFO] 
2026-05-11 11:53:04,075 [INFO] ============================================================
2026-05-11 11:53:04,075 [INFO]   DATASET ANALYSIS
2026-05-11 11:53:04,076 [INFO] ============================================================
2026-05-11 11:53:04,656 [INFO]   [train] images= 2944  labels= 2944  annotations=  5704  helmet= 1472  no_helmet= 1472
2026-05-11 11:53:04,699 [INFO]   [valid] images=  210  labels=  210  annotations=   390  helmet=  105  no_helmet=  105
2026-05-11 11:53:04,728 [INFO]   [test ] images=  106  labels=  106  annotations=   196  helmet=   53  no_helmet=   53
2026-05-11 11:53:04,957 [INFO]   Saved class_distribution.png
2026-05-11 11:53:04,957 [INFO] ============================================================
2026-05-11 11:53:04,957 [INFO]   ANNOTATION VALIDATION
2026-05-11 11:53:04,957 [INFO] ============================================================
2026-05-11 11:53:05,605 [INFO]   Total label files : 3260
2026-05-11 11:53:05,605 [INFO]   Valid             : 3260
2026-05-11 11:53:05,605 [INFO]   Invalid / Corrupt : 0
2026-05-11 11:53:05,606 [INFO]   [OK] All annotations are valid YOLO format!
2026-05-11 11:53:05,606 [INFO] ============================================================
2026-05-11 11:53:05,606 [INFO]   BUILDING FLAT DATASET STRUCTURE
2026-05-11 11:53:05,606 [INFO] ============================================================
2026-05-11 11:53:16,013 [INFO] ============================================================
2026-05-11 11:53:16,015 [INFO]   STARTING YOLOV8 TRAINING
2026-05-11 11:53:16,015 [INFO] ============================================================
2026-05-11 11:53:16,015 [INFO]   Train set: helmet=1472, no_helmet=1472
2026-05-11 11:53:16,128 [INFO]   Config: epochs=100, batch=16, imgsz=640, device=0
2026-05-11 11:53:16,128 [INFO]   Output: runs/train/helmet_yolov8n_20260511_115316
