2026-05-11 11:56:26,092 [INFO] 
2026-05-11 11:56:26,093 [INFO] ============================================================
2026-05-11 11:56:26,093 [INFO]   YOLOv8 HELMET DETECTION TRAINING PIPELINE
2026-05-11 11:56:26,094 [INFO] ============================================================
2026-05-11 11:56:26,094 [INFO]   Report directory: D:\Helmet-Detection-main\reports\run_20260511_115626
2026-05-11 11:56:26,095 [INFO] 
2026-05-11 11:56:26,095 [INFO] ============================================================
2026-05-11 11:56:26,096 [INFO]   DATASET ANALYSIS
2026-05-11 11:56:26,096 [INFO] ============================================================
2026-05-11 11:56:26,877 [INFO]   [train] images= 2944  labels= 2944  annotations=  5704  helmet= 1472  no_helmet= 1472
2026-05-11 11:56:26,929 [INFO]   [valid] images=  210  labels=  210  annotations=   390  helmet=  105  no_helmet=  105
2026-05-11 11:56:26,958 [INFO]   [test ] images=  106  labels=  106  annotations=   196  helmet=   53  no_helmet=   53
2026-05-11 11:56:27,323 [INFO]   Saved class_distribution.png
2026-05-11 11:56:27,323 [INFO] ============================================================
2026-05-11 11:56:27,324 [INFO]   ANNOTATION VALIDATION
2026-05-11 11:56:27,325 [INFO] ============================================================
2026-05-11 11:56:28,106 [INFO]   Total label files : 3260
2026-05-11 11:56:28,106 [INFO]   Valid             : 3260
2026-05-11 11:56:28,107 [INFO]   Invalid / Corrupt : 0
2026-05-11 11:56:28,108 [INFO]   [OK] All annotations are valid YOLO format!
2026-05-11 11:56:28,108 [INFO] ============================================================
2026-05-11 11:56:28,108 [INFO]   BUILDING FLAT DATASET STRUCTURE
2026-05-11 11:56:28,108 [INFO] ============================================================
2026-05-11 11:56:38,757 [INFO] ============================================================
2026-05-11 11:56:38,757 [INFO]   STARTING YOLOV8 TRAINING
2026-05-11 11:56:38,757 [INFO] ============================================================
2026-05-11 11:56:38,757 [INFO]   Train set: helmet=1472, no_helmet=1472
2026-05-11 11:56:38,817 [INFO]   Config: epochs=100, batch=8, imgsz=640, device=0
2026-05-11 11:56:38,818 [INFO]   Output: runs/train/helmet_yolov8n_20260511_115638
