2026-05-11 11:50:38,377 [INFO] 
2026-05-11 11:50:38,377 [INFO] ============================================================
2026-05-11 11:50:38,377 [INFO]   YOLOv8 HELMET DETECTION TRAINING PIPELINE
2026-05-11 11:50:38,379 [INFO] ============================================================
2026-05-11 11:50:38,379 [INFO]   Report directory: D:\Helmet-Detection-main\reports\run_20260511_115038
2026-05-11 11:50:38,379 [INFO] 
2026-05-11 11:50:38,379 [INFO] ============================================================
2026-05-11 11:50:38,380 [INFO]   DATASET ANALYSIS
2026-05-11 11:50:38,380 [INFO] ============================================================
2026-05-11 11:50:39,089 [INFO]   [train] images= 2944  labels= 2944  annotations=  5704  helmet= 1472  no_helmet= 1472
2026-05-11 11:50:39,131 [INFO]   [valid] images=  210  labels=  210  annotations=   390  helmet=  105  no_helmet=  105
2026-05-11 11:50:39,153 [INFO]   [test ] images=  106  labels=  106  annotations=   196  helmet=   53  no_helmet=   53
2026-05-11 11:50:39,387 [INFO]   Saved class_distribution.png
2026-05-11 11:50:39,387 [INFO] ============================================================
2026-05-11 11:50:39,387 [INFO]   ANNOTATION VALIDATION
2026-05-11 11:50:39,387 [INFO] ============================================================
2026-05-11 11:50:40,019 [INFO]   Total label files : 3260
2026-05-11 11:50:40,020 [INFO]   Valid             : 3260
2026-05-11 11:50:40,020 [INFO]   Invalid / Corrupt : 0
2026-05-11 11:50:40,020 [INFO]   [OK] All annotations are valid YOLO format!
2026-05-11 11:50:40,021 [INFO] ============================================================
2026-05-11 11:50:40,021 [INFO]   BUILDING FLAT DATASET STRUCTURE
2026-05-11 11:50:40,021 [INFO] ============================================================
2026-05-11 11:50:57,486 [INFO] ============================================================
2026-05-11 11:50:57,487 [INFO]   STARTING YOLOV8 TRAINING
2026-05-11 11:50:57,487 [INFO] ============================================================
2026-05-11 11:50:57,487 [INFO]   Train set: helmet=1472, no_helmet=1472
2026-05-11 11:50:57,571 [INFO]   Config: epochs=100, batch=16, imgsz=640, device=0
2026-05-11 11:50:57,571 [INFO]   Output: runs/train/helmet_yolov8n_20260511_115057
