2026-05-11 11:56:22,186 [INFO] 
2026-05-11 11:56:22,186 [INFO] ============================================================
2026-05-11 11:56:22,188 [INFO]   YOLOv8 HELMET DETECTION TRAINING PIPELINE
2026-05-11 11:56:22,188 [INFO] ============================================================
2026-05-11 11:56:22,188 [INFO]   Report directory: D:\Helmet-Detection-main\reports\run_20260511_115622
2026-05-11 11:56:22,188 [INFO] 
2026-05-11 11:56:22,188 [INFO] ============================================================
2026-05-11 11:56:22,188 [INFO]   DATASET ANALYSIS
2026-05-11 11:56:22,188 [INFO] ============================================================
2026-05-11 11:56:22,884 [INFO]   [train] images= 2944  labels= 2944  annotations=  5704  helmet= 1472  no_helmet= 1472
2026-05-11 11:56:22,960 [INFO]   [valid] images=  210  labels=  210  annotations=   390  helmet=  105  no_helmet=  105
2026-05-11 11:56:22,987 [INFO]   [test ] images=  106  labels=  106  annotations=   196  helmet=   53  no_helmet=   53
2026-05-11 11:56:23,224 [INFO]   Saved class_distribution.png
2026-05-11 11:56:23,224 [INFO] ============================================================
2026-05-11 11:56:23,226 [INFO]   ANNOTATION VALIDATION
2026-05-11 11:56:23,226 [INFO] ============================================================
2026-05-11 11:56:23,757 [INFO]   Total label files : 3260
2026-05-11 11:56:23,757 [INFO]   Valid             : 3260
2026-05-11 11:56:23,757 [INFO]   Invalid / Corrupt : 0
2026-05-11 11:56:23,757 [INFO]   [OK] All annotations are valid YOLO format!
2026-05-11 11:56:23,757 [INFO] ============================================================
2026-05-11 11:56:23,757 [INFO]   BUILDING FLAT DATASET STRUCTURE
2026-05-11 11:56:23,757 [INFO] ============================================================
