2026-05-11 11:51:29,785 [INFO] 
2026-05-11 11:51:29,785 [INFO] ============================================================
2026-05-11 11:51:29,787 [INFO]   YOLOv8 HELMET DETECTION TRAINING PIPELINE
2026-05-11 11:51:29,787 [INFO] ============================================================
2026-05-11 11:51:29,787 [INFO]   Report directory: D:\Helmet-Detection-main\reports\run_20260511_115129
2026-05-11 11:51:29,787 [INFO] 
2026-05-11 11:51:29,787 [INFO] ============================================================
2026-05-11 11:51:29,787 [INFO]   DATASET ANALYSIS
2026-05-11 11:51:29,787 [INFO] ============================================================
2026-05-11 11:51:30,418 [INFO]   [train] images= 2944  labels= 2944  annotations=  5704  helmet= 1472  no_helmet= 1472
2026-05-11 11:51:30,462 [INFO]   [valid] images=  210  labels=  210  annotations=   390  helmet=  105  no_helmet=  105
2026-05-11 11:51:30,483 [INFO]   [test ] images=  106  labels=  106  annotations=   196  helmet=   53  no_helmet=   53
2026-05-11 11:51:30,715 [INFO]   Saved class_distribution.png
2026-05-11 11:51:30,715 [INFO] ============================================================
2026-05-11 11:51:30,719 [INFO]   ANNOTATION VALIDATION
2026-05-11 11:51:30,719 [INFO] ============================================================
2026-05-11 11:51:31,292 [INFO]   Total label files : 3260
2026-05-11 11:51:31,292 [INFO]   Valid             : 3260
2026-05-11 11:51:31,292 [INFO]   Invalid / Corrupt : 0
2026-05-11 11:51:31,292 [INFO]   [OK] All annotations are valid YOLO format!
2026-05-11 11:51:31,292 [INFO] ============================================================
2026-05-11 11:51:31,292 [INFO]   BUILDING FLAT DATASET STRUCTURE
2026-05-11 11:51:31,292 [INFO] ============================================================
2026-05-11 11:51:41,503 [INFO] ============================================================
2026-05-11 11:51:41,503 [INFO]   STARTING YOLOV8 TRAINING
2026-05-11 11:51:41,504 [INFO] ============================================================
2026-05-11 11:51:41,504 [INFO]   Train set: helmet=1472, no_helmet=1472
2026-05-11 11:51:41,557 [INFO]   Config: epochs=100, batch=16, imgsz=640, device=0
2026-05-11 11:51:41,557 [INFO]   Output: runs/train/helmet_yolov8n_20260511_115141
