2026-05-08 10:53:37,499 [INFO] 
2026-05-08 10:53:37,501 [INFO] ============================================================
2026-05-08 10:53:37,501 [INFO]   YOLOv8 HELMET DETECTION TRAINING PIPELINE
2026-05-08 10:53:37,501 [INFO] ============================================================
2026-05-08 10:53:37,501 [INFO]   Report directory: D:\Helmet-Detection-main\reports\run_20260508_105337
2026-05-08 10:53:37,501 [INFO] 
2026-05-08 10:53:37,501 [INFO] ============================================================
2026-05-08 10:53:37,501 [INFO]   DATASET ANALYSIS
2026-05-08 10:53:37,501 [INFO] ============================================================
2026-05-08 10:53:38,351 [INFO]   [train] images= 2944  labels= 2944  annotations=  5704  helmet= 1472  without_helmet= 1472
2026-05-08 10:53:38,420 [INFO]   [valid] images=  210  labels=  210  annotations=   390  helmet=  105  without_helmet=  105
2026-05-08 10:53:38,451 [INFO]   [test ] images=  106  labels=  106  annotations=   196  helmet=   53  without_helmet=   53
2026-05-08 10:53:38,751 [INFO]   Saved class_distribution.png
2026-05-08 10:53:38,753 [INFO] ============================================================
2026-05-08 10:53:38,754 [INFO]   ANNOTATION VALIDATION
2026-05-08 10:53:38,754 [INFO] ============================================================
2026-05-08 10:53:39,298 [INFO]   Total label files : 3260
2026-05-08 10:53:39,298 [INFO]   Valid             : 3260
2026-05-08 10:53:39,298 [INFO]   Invalid / Corrupt : 0
2026-05-08 10:53:39,298 [INFO]   [OK] All annotations are valid YOLO format!
2026-05-08 10:53:39,298 [INFO] ============================================================
2026-05-08 10:53:39,299 [INFO]   BUILDING FLAT DATASET STRUCTURE
2026-05-08 10:53:39,299 [INFO] ============================================================
2026-05-08 10:53:48,556 [INFO] ============================================================
2026-05-08 10:53:48,556 [INFO]   STARTING YOLOV8 TRAINING
2026-05-08 10:53:48,558 [INFO] ============================================================
2026-05-08 10:53:48,558 [INFO]   Train set: helmet=1472, without_helmet=1472
2026-05-08 10:53:48,702 [INFO]   Config: epochs=50, batch=16, imgsz=640, device=0
2026-05-08 10:53:48,702 [INFO]   Output: runs/train/helmet_yolov8n_20260508_105348
