2026-05-08 14:17:56,192 [INFO] 
2026-05-08 14:17:56,193 [INFO] ============================================================
2026-05-08 14:17:56,193 [INFO]   YOLOv8 HELMET DETECTION TRAINING PIPELINE
2026-05-08 14:17:56,194 [INFO] ============================================================
2026-05-08 14:17:56,194 [INFO]   Report directory: D:\Helmet-Detection-main\reports\run_20260508_141756
2026-05-08 14:17:56,194 [INFO] 
2026-05-08 14:17:56,194 [INFO] ============================================================
2026-05-08 14:17:56,194 [INFO]   DATASET ANALYSIS
2026-05-08 14:17:56,194 [INFO] ============================================================
2026-05-08 14:17:56,701 [INFO]   [train] images= 2944  labels= 2944  annotations=  5704  helmet= 1472  no_helmet= 1472
2026-05-08 14:17:56,752 [INFO]   [valid] images=  210  labels=  210  annotations=   390  helmet=  105  no_helmet=  105
2026-05-08 14:17:56,771 [INFO]   [test ] images=  106  labels=  106  annotations=   196  helmet=   53  no_helmet=   53
2026-05-08 14:17:56,999 [INFO]   Saved class_distribution.png
2026-05-08 14:17:56,999 [INFO] ============================================================
2026-05-08 14:17:56,999 [INFO]   ANNOTATION VALIDATION
2026-05-08 14:17:56,999 [INFO] ============================================================
2026-05-08 14:17:57,551 [INFO]   Total label files : 3260
2026-05-08 14:17:57,551 [INFO]   Valid             : 3260
2026-05-08 14:17:57,551 [INFO]   Invalid / Corrupt : 0
2026-05-08 14:17:57,551 [INFO]   [OK] All annotations are valid YOLO format!
2026-05-08 14:17:57,551 [INFO] ============================================================
2026-05-08 14:17:57,551 [INFO]   BUILDING FLAT DATASET STRUCTURE
2026-05-08 14:17:57,551 [INFO] ============================================================
2026-05-08 14:18:02,219 [INFO] ============================================================
2026-05-08 14:18:02,219 [INFO]   STARTING YOLOV8 TRAINING
2026-05-08 14:18:02,220 [INFO] ============================================================
2026-05-08 14:18:02,220 [INFO]   Train set: helmet=1472, no_helmet=1472
2026-05-08 14:18:02,276 [INFO]   Config: epochs=20, batch=8, imgsz=640, device=0
2026-05-08 14:18:02,276 [INFO]   Output: runs/train/helmet_yolov8n_20260508_141802
