2026-05-11 11:53:16,312 [INFO] 
2026-05-11 11:53:16,314 [INFO] ============================================================
2026-05-11 11:53:16,314 [INFO]   YOLOv8 HELMET DETECTION TRAINING PIPELINE
2026-05-11 11:53:16,314 [INFO] ============================================================
2026-05-11 11:53:16,315 [INFO]   Report directory: D:\Helmet-Detection-main\reports\run_20260511_115316
2026-05-11 11:53:16,315 [INFO] 
2026-05-11 11:53:16,315 [INFO] ============================================================
2026-05-11 11:53:16,315 [INFO]   DATASET ANALYSIS
2026-05-11 11:53:16,315 [INFO] ============================================================
2026-05-11 11:53:16,921 [INFO]   [train] images= 2944  labels= 2944  annotations=  5704  helmet= 1472  no_helmet= 1472
2026-05-11 11:53:16,981 [INFO]   [valid] images=  210  labels=  210  annotations=   390  helmet=  105  no_helmet=  105
2026-05-11 11:53:17,002 [INFO]   [test ] images=  106  labels=  106  annotations=   196  helmet=   53  no_helmet=   53
2026-05-11 11:53:17,259 [INFO]   Saved class_distribution.png
2026-05-11 11:53:17,259 [INFO] ============================================================
2026-05-11 11:53:17,259 [INFO]   ANNOTATION VALIDATION
2026-05-11 11:53:17,259 [INFO] ============================================================
2026-05-11 11:53:17,983 [INFO]   Total label files : 3260
2026-05-11 11:53:17,984 [INFO]   Valid             : 3260
2026-05-11 11:53:17,984 [INFO]   Invalid / Corrupt : 0
2026-05-11 11:53:17,984 [INFO]   [OK] All annotations are valid YOLO format!
2026-05-11 11:53:17,984 [INFO] ============================================================
2026-05-11 11:53:17,985 [INFO]   BUILDING FLAT DATASET STRUCTURE
2026-05-11 11:53:17,985 [INFO] ============================================================
2026-05-11 11:53:30,412 [INFO] ============================================================
2026-05-11 11:53:30,412 [INFO]   STARTING YOLOV8 TRAINING
2026-05-11 11:53:30,412 [INFO] ============================================================
2026-05-11 11:53:30,414 [INFO]   Train set: helmet=1472, no_helmet=1472
2026-05-11 11:53:30,503 [INFO]   Config: epochs=100, batch=16, imgsz=640, device=0
2026-05-11 11:53:30,503 [INFO]   Output: runs/train/helmet_yolov8n_20260511_115330
